// Jest Snapshot v1, https://goo.gl/fbAQLP

exports[`<SocialIcons /> should match snapshot 1`] = `
<div>
  <div
    class="flex gap-5 mt-2"
  >
    <div
      class="flex hover:opacity-50 flex-col items-center justify-center"
    >
      <a
        href="https://www.instagram.com/matheus.olli23/"
        rel="noreferrer"
        target="_blank"
      >
        <span />
      </a>
      <span
        class="text-xs"
      >
        Instagram
      </span>
    </div>
    <div
      class="flex hover:opacity-50 flex-col items-center justify-center"
    >
      <a
        href="https://www.linkedin.com/in/matheushenrioliveira/"
        rel="noreferrer"
        target="_blank"
      >
        <span />
      </a>
      <span
        class="text-xs"
      >
        Linkedin
      </span>
    </div>
    <div
      class="flex hover:opacity-50 flex-col items-center justify-center"
    >
      <a
        href="https://github.com/matheusOliv23"
        rel="noreferrer"
        target="_blank"
      >
        <span />
      </a>
      <span
        class="text-xs"
      >
        Github
      </span>
    </div>
  </div>
</div>
`;
