// Jest Snapshot v1, https://goo.gl/fbAQLP

exports[`<About /> should match snapshot 1`] = `
<div>
  <div
    class="flex w-full lg:flex-row flex-col font-openSans gap-10 max-w-7xl px-7 py-6 md:py-20 lg:py-32 m-auto xl:justify-between lg:justify-center"
  >
    <div
      class="space-y-4"
    >
      <h2
        class="text-xl text-primary"
      >
        Sobre mim
      </h2>
      <p
        class="md:text-4xl text-2xl lg:max-w-lg font-medium leading-10"
      >
        Trabalho com Desenvolvimento Web desde 2021
      </p>
      <p
        class="lg:max-w-xl text-justify"
      >
        Tenho como objetivo principal me tornar destaque no desenvolvimento web, principalmente na parte de Front-End. Sou uma pessoa muito dedicada, educada, responsável e gosto muito de novos desafios. Prezo muito pela qualidade e satisfação dos clientes e tenho a mente bem aberta para receber feedbacks, tanto positivos quanto negativos.
      </p>
    </div>
    <div
      class="flex items-center justify-center flex-col w-full lg:max-w-sm space-y-4"
    >
      <div
        class="flex w-full justify-between md:gap-16 md:justify-start lg:justify-between items-center"
      >
        <div
          class="flex items-center gap-2"
        >
          <p
            class="text-6xl font-semibold text-primary"
          >
            1.5
          </p>
          <p
            class="text-sm"
          >
            anos 
            <br />
             de experiência
          </p>
        </div>
        <div
          class="flex items-center gap-2"
        >
          <p
            class="text-6xl font-semibold text-primary"
          >
            6
          </p>
          <p
            class="text-sm"
          >
            projetos 
            <br />
             concluídos
          </p>
        </div>
      </div>
      <p
        class="text-justify"
      >
        Experiência em desenvolvimento de aplicações web responsivas utilizando Javascript, Typescript e Reactjs.
      </p>
    </div>
  </div>
</div>
`;
